// Vitest Snapshot v1, https://vitest.dev/guide/snapshot.html

exports[`Indecision Component > Haciendo un snapshop al componente Indecision 1`] = `
"<!--v-if-->
<div data-v-4a8fca50=\\"\\" class=\\"bg-dark\\"></div>
<div data-v-4a8fca50=\\"\\" class=\\"indecision-container\\"><input data-v-4a8fca50=\\"\\" type=\\"text\\" placeholder=\\"Hazme una pregunta\\">
  <p data-v-4a8fca50=\\"\\">Recuerda terminar con un signo de interrogaciÃ³n (?) ğŸ˜‰</p>
</div>
<!--v-if-->"
`;
